mode: atomic
agrelha/internal/web/handlers/wizard/handler.go:45.31,46.22 1 22
agrelha/internal/web/handlers/wizard/handler.go:46.22,47.41 1 22
agrelha/internal/web/handlers/wizard/handler.go:47.41,48.58 1 21
agrelha/internal/web/handlers/wizard/handler.go:48.58,50.5 1 1
agrelha/internal/web/handlers/wizard/handler.go:51.4,51.18 1 20
agrelha/internal/web/handlers/wizard/handler.go:54.2,54.27 1 22
agrelha/internal/web/handlers/wizard/handler.go:58.49,69.2 10 21
agrelha/internal/web/handlers/wizard/wizard.go:32.52,33.30 1 5
agrelha/internal/web/handlers/wizard/wizard.go:33.30,35.3 1 1
agrelha/internal/web/handlers/wizard/wizard.go:37.2,38.16 2 4
agrelha/internal/web/handlers/wizard/wizard.go:38.16,40.3 1 1
agrelha/internal/web/handlers/wizard/wizard.go:42.2,53.34 4 3
agrelha/internal/web/handlers/wizard/wizard.go:53.34,55.3 1 2
agrelha/internal/web/handlers/wizard/wizard.go:56.2,56.24 1 3
agrelha/internal/web/handlers/wizard/wizard.go:56.24,58.3 1 2
agrelha/internal/web/handlers/wizard/wizard.go:60.2,60.68 1 3
agrelha/internal/web/handlers/wizard/wizard.go:67.72,67.92 1 12
agrelha/internal/web/handlers/wizard/wizard.go:70.110,72.3 1 1
agrelha/internal/web/handlers/wizard/wizard.go:73.49,73.77 1 14
agrelha/internal/web/handlers/wizard/wizard.go:76.69,81.59 5 11
agrelha/internal/web/handlers/wizard/wizard.go:81.59,83.3 1 1
agrelha/internal/web/handlers/wizard/wizard.go:84.2,84.28 1 10
agrelha/internal/web/handlers/wizard/wizard.go:88.62,89.33 1 6
agrelha/internal/web/handlers/wizard/wizard.go:89.33,91.3 1 2
agrelha/internal/web/handlers/wizard/wizard.go:93.2,100.13 4 4
agrelha/internal/web/handlers/wizard/wizard.go:100.13,102.3 1 4
agrelha/internal/web/handlers/wizard/wizard.go:103.2,103.13 1 4
agrelha/internal/web/handlers/wizard/wizard.go:103.13,105.3 1 4
agrelha/internal/web/handlers/wizard/wizard.go:107.2,107.13 1 4
agrelha/internal/web/handlers/wizard/wizard.go:107.13,109.3 1 1
agrelha/internal/web/handlers/wizard/wizard.go:111.2,112.16 2 3
agrelha/internal/web/handlers/wizard/wizard.go:112.16,114.3 1 1
agrelha/internal/web/handlers/wizard/wizard.go:115.2,115.19 1 2
agrelha/internal/web/handlers/wizard/wizard.go:115.19,117.3 1 1
agrelha/internal/web/handlers/wizard/wizard.go:119.2,120.24 2 1
agrelha/internal/web/handlers/wizard/wizard.go:120.24,146.3 4 1
agrelha/internal/web/handlers/wizard/wizard.go:148.2,148.65 1 1
agrelha/internal/web/handlers/wizard/wizard.go:152.58,153.29 1 5
agrelha/internal/web/handlers/wizard/wizard.go:153.29,155.3 1 1
agrelha/internal/web/handlers/wizard/wizard.go:157.2,166.13 4 4
agrelha/internal/web/handlers/wizard/wizard.go:166.13,168.3 1 4
agrelha/internal/web/handlers/wizard/wizard.go:169.2,169.13 1 4
agrelha/internal/web/handlers/wizard/wizard.go:169.13,171.3 1 4
agrelha/internal/web/handlers/wizard/wizard.go:173.2,173.13 1 4
agrelha/internal/web/handlers/wizard/wizard.go:173.13,175.3 1 1
agrelha/internal/web/handlers/wizard/wizard.go:177.2,178.21 2 3
agrelha/internal/web/handlers/wizard/wizard.go:178.21,180.3 1 3
agrelha/internal/web/handlers/wizard/wizard.go:181.2,181.21 1 3
agrelha/internal/web/handlers/wizard/wizard.go:181.21,183.3 1 3
agrelha/internal/web/handlers/wizard/wizard.go:184.2,184.21 1 3
agrelha/internal/web/handlers/wizard/wizard.go:184.21,186.3 1 3
agrelha/internal/web/handlers/wizard/wizard.go:188.2,189.16 2 3
agrelha/internal/web/handlers/wizard/wizard.go:189.16,191.3 1 1
agrelha/internal/web/handlers/wizard/wizard.go:192.2,192.19 1 2
agrelha/internal/web/handlers/wizard/wizard.go:192.19,194.3 1 1
agrelha/internal/web/handlers/wizard/wizard.go:196.2,197.26 2 1
agrelha/internal/web/handlers/wizard/wizard.go:197.26,218.3 2 1
agrelha/internal/web/handlers/wizard/wizard.go:220.2,220.64 1 1
agrelha/internal/web/handlers/wizard/wizard.go:224.57,230.43 3 5
agrelha/internal/web/handlers/wizard/wizard.go:230.43,233.3 2 1
agrelha/internal/web/handlers/wizard/wizard.go:235.2,236.34 2 5
agrelha/internal/web/handlers/wizard/wizard.go:236.34,238.3 1 1
agrelha/internal/web/handlers/wizard/wizard.go:238.8,240.3 1 4
agrelha/internal/web/handlers/wizard/wizard.go:242.2,243.32 2 5
agrelha/internal/web/handlers/wizard/wizard.go:243.32,245.17 2 9
agrelha/internal/web/handlers/wizard/wizard.go:245.17,246.12 1 2
agrelha/internal/web/handlers/wizard/wizard.go:248.3,256.23 2 7
agrelha/internal/web/handlers/wizard/wizard.go:259.2,266.4 1 5
agrelha/internal/web/handlers/wizard/wizard.go:289.54,290.30 1 16
agrelha/internal/web/handlers/wizard/wizard.go:290.30,292.3 1 1
agrelha/internal/web/handlers/wizard/wizard.go:294.2,298.16 4 15
agrelha/internal/web/handlers/wizard/wizard.go:298.16,300.3 1 1
agrelha/internal/web/handlers/wizard/wizard.go:301.2,301.16 1 15
agrelha/internal/web/handlers/wizard/wizard.go:301.16,303.3 1 1
agrelha/internal/web/handlers/wizard/wizard.go:305.2,306.18 2 14
agrelha/internal/web/handlers/wizard/wizard.go:306.18,308.3 1 1
agrelha/internal/web/handlers/wizard/wizard.go:309.2,310.18 2 14
agrelha/internal/web/handlers/wizard/wizard.go:310.18,312.3 1 5
agrelha/internal/web/handlers/wizard/wizard.go:313.2,313.42 1 14
agrelha/internal/web/handlers/wizard/wizard.go:313.42,315.3 1 2
agrelha/internal/web/handlers/wizard/wizard.go:316.2,317.21 2 12
agrelha/internal/web/handlers/wizard/wizard.go:317.21,319.3 1 11
agrelha/internal/web/handlers/wizard/wizard.go:320.2,320.21 1 12
agrelha/internal/web/handlers/wizard/wizard.go:320.21,322.3 1 11
agrelha/internal/web/handlers/wizard/wizard.go:323.2,324.19 2 12
agrelha/internal/web/handlers/wizard/wizard.go:324.19,326.3 1 9
agrelha/internal/web/handlers/wizard/wizard.go:327.2,329.16 3 12
agrelha/internal/web/handlers/wizard/wizard.go:329.16,331.3 1 11
agrelha/internal/web/handlers/wizard/wizard.go:332.2,333.16 2 12
agrelha/internal/web/handlers/wizard/wizard.go:333.16,335.3 1 11
agrelha/internal/web/handlers/wizard/wizard.go:336.2,337.22 2 12
agrelha/internal/web/handlers/wizard/wizard.go:337.22,339.3 1 11
agrelha/internal/web/handlers/wizard/wizard.go:340.2,341.20 2 12
agrelha/internal/web/handlers/wizard/wizard.go:341.20,343.3 1 11
agrelha/internal/web/handlers/wizard/wizard.go:344.2,345.21 2 12
agrelha/internal/web/handlers/wizard/wizard.go:345.21,347.3 1 11
agrelha/internal/web/handlers/wizard/wizard.go:349.2,350.20 2 12
agrelha/internal/web/handlers/wizard/wizard.go:350.20,352.3 1 8
agrelha/internal/web/handlers/wizard/wizard.go:353.2,354.19 2 12
agrelha/internal/web/handlers/wizard/wizard.go:354.19,356.3 1 9
agrelha/internal/web/handlers/wizard/wizard.go:357.2,358.24 2 12
agrelha/internal/web/handlers/wizard/wizard.go:358.24,360.3 1 10
agrelha/internal/web/handlers/wizard/wizard.go:362.2,362.50 1 12
agrelha/internal/web/handlers/wizard/wizard.go:362.50,364.3 1 3
agrelha/internal/web/handlers/wizard/wizard.go:366.2,366.58 1 12
agrelha/internal/web/handlers/wizard/wizard.go:366.58,368.19 2 4
agrelha/internal/web/handlers/wizard/wizard.go:368.19,370.4 1 1
agrelha/internal/web/handlers/wizard/wizard.go:371.3,371.60 1 4
agrelha/internal/web/handlers/wizard/wizard.go:371.60,373.4 1 3
agrelha/internal/web/handlers/wizard/wizard.go:376.2,378.19 3 12
agrelha/internal/web/handlers/wizard/wizard.go:378.19,380.3 1 11
agrelha/internal/web/handlers/wizard/wizard.go:382.2,383.30 2 12
agrelha/internal/web/handlers/wizard/wizard.go:384.13,385.26 1 1
agrelha/internal/web/handlers/wizard/wizard.go:385.26,386.45 1 4
agrelha/internal/web/handlers/wizard/wizard.go:386.45,388.5 1 2
agrelha/internal/web/handlers/wizard/wizard.go:390.16,391.15 1 1
agrelha/internal/web/handlers/wizard/wizard.go:392.14,393.33 1 1
agrelha/internal/web/handlers/wizard/wizard.go:393.33,395.4 1 1
agrelha/internal/web/handlers/wizard/wizard.go:397.2,397.24 1 12
agrelha/internal/web/handlers/wizard/wizard.go:397.24,399.36 2 9
agrelha/internal/web/handlers/wizard/wizard.go:399.36,401.4 1 2
agrelha/internal/web/handlers/wizard/wizard.go:404.2,404.38 1 12
agrelha/internal/web/handlers/wizard/wizard.go:404.38,406.3 1 1
agrelha/internal/web/handlers/wizard/wizard.go:406.8,406.30 1 11
agrelha/internal/web/handlers/wizard/wizard.go:406.30,409.33 3 5
agrelha/internal/web/handlers/wizard/wizard.go:409.33,411.18 2 9
agrelha/internal/web/handlers/wizard/wizard.go:411.18,413.5 1 9
agrelha/internal/web/handlers/wizard/wizard.go:415.3,415.24 1 5
agrelha/internal/web/handlers/wizard/wizard.go:418.2,430.16 2 12
agrelha/internal/web/handlers/wizard/wizard.go:431.17,433.19 2 3
agrelha/internal/web/handlers/wizard/wizard.go:434.17,437.38 3 4
agrelha/internal/web/handlers/wizard/wizard.go:437.38,439.34 2 4
agrelha/internal/web/handlers/wizard/wizard.go:439.34,441.5 1 1
agrelha/internal/web/handlers/wizard/wizard.go:442.4,446.5 1 4
agrelha/internal/web/handlers/wizard/wizard.go:448.10,450.47 2 5
agrelha/internal/web/handlers/wizard/wizard.go:453.2,454.16 2 12
agrelha/internal/web/handlers/wizard/wizard.go:454.16,456.3 1 6
agrelha/internal/web/handlers/wizard/wizard.go:458.2,463.4 3 6
agrelha/internal/web/handlers/wizard/wizard.go:467.58,468.30 1 4
agrelha/internal/web/handlers/wizard/wizard.go:468.30,470.3 1 1
agrelha/internal/web/handlers/wizard/wizard.go:472.2,473.16 2 3
agrelha/internal/web/handlers/wizard/wizard.go:473.16,475.3 1 1
agrelha/internal/web/handlers/wizard/wizard.go:477.2,478.31 2 2
agrelha/internal/web/handlers/wizard/wizard.go:478.31,480.3 1 1
agrelha/internal/web/handlers/wizard/wizard.go:482.2,497.62 2 1
agrelha/internal/web/handlers/wizard/wizard.go:501.60,502.30 1 5
agrelha/internal/web/handlers/wizard/wizard.go:502.30,506.3 3 1
agrelha/internal/web/handlers/wizard/wizard.go:508.2,509.16 2 4
agrelha/internal/web/handlers/wizard/wizard.go:509.16,511.3 1 1
agrelha/internal/web/handlers/wizard/wizard.go:513.2,514.31 2 3
agrelha/internal/web/handlers/wizard/wizard.go:514.31,516.3 1 1
agrelha/internal/web/handlers/wizard/wizard.go:518.2,522.56 4 2
agrelha/internal/web/handlers/wizard/wizard.go:522.56,523.16 1 2
agrelha/internal/web/handlers/wizard/wizard.go:523.16,525.18 2 3
agrelha/internal/web/handlers/wizard/wizard.go:525.18,528.5 2 1
agrelha/internal/web/handlers/wizard/wizard.go:530.4,537.15 2 3
agrelha/internal/web/handlers/wizard/wizard.go:537.15,538.10 1 2
agrelha/internal/web/handlers/wizard/wizard.go:540.4,540.26 1 1
agrelha/internal/web/handlers/wizard/wizard.go:544.2,544.12 1 2
agrelha/internal/web/handlers/wizard/wizard.go:547.88,555.22 6 5
agrelha/internal/web/handlers/wizard/wizard.go:555.22,556.50 1 5
agrelha/internal/web/handlers/wizard/wizard.go:556.50,558.4 1 1
agrelha/internal/web/handlers/wizard/wizard.go:561.2,561.42 1 4
agrelha/internal/web/handlers/wizard/wizard.go:561.42,562.59 1 4
agrelha/internal/web/handlers/wizard/wizard.go:562.59,564.4 1 1
agrelha/internal/web/handlers/wizard/wizard.go:567.2,567.28 1 3
agrelha/internal/web/handlers/wizard/wizard.go:571.54,573.16 2 14
agrelha/internal/web/handlers/wizard/wizard.go:573.16,575.3 1 1
agrelha/internal/web/handlers/wizard/wizard.go:577.2,578.16 2 13
agrelha/internal/web/handlers/wizard/wizard.go:578.16,580.3 1 1
agrelha/internal/web/handlers/wizard/wizard.go:581.2,584.16 3 12
agrelha/internal/web/handlers/wizard/wizard.go:584.16,586.3 1 1
agrelha/internal/web/handlers/wizard/wizard.go:588.2,591.22 3 11
agrelha/internal/web/handlers/wizard/wizard.go:591.22,593.3 1 4
agrelha/internal/web/handlers/wizard/wizard.go:593.8,593.26 1 7
agrelha/internal/web/handlers/wizard/wizard.go:593.26,594.85 1 3
agrelha/internal/web/handlers/wizard/wizard.go:594.85,596.4 1 1
agrelha/internal/web/handlers/wizard/wizard.go:596.9,598.4 1 2
agrelha/internal/web/handlers/wizard/wizard.go:599.8,599.26 1 4
agrelha/internal/web/handlers/wizard/wizard.go:599.26,601.3 1 1
agrelha/internal/web/handlers/wizard/wizard.go:601.8,602.87 1 3
agrelha/internal/web/handlers/wizard/wizard.go:602.87,604.4 1 1
agrelha/internal/web/handlers/wizard/wizard.go:604.9,604.100 1 2
agrelha/internal/web/handlers/wizard/wizard.go:604.100,606.4 1 1
agrelha/internal/web/handlers/wizard/wizard.go:606.9,608.4 1 1
agrelha/internal/web/handlers/wizard/wizard.go:611.2,611.16 1 11
agrelha/internal/web/handlers/wizard/wizard.go:611.16,613.3 1 2
agrelha/internal/web/handlers/wizard/wizard.go:614.2,614.18 1 9
agrelha/internal/web/handlers/wizard/wizard.go:614.18,616.3 1 1
agrelha/internal/web/handlers/wizard/wizard.go:618.2,618.22 1 8
agrelha/internal/web/handlers/wizard/wizard.go:618.22,620.3 1 1
agrelha/internal/web/handlers/wizard/wizard.go:622.2,628.4 1 8
