mode: set
agrelha/internal/web/handlers/valheim/configs.go:19.64,20.35 1 1
agrelha/internal/web/handlers/valheim/configs.go:20.35,22.3 1 1
agrelha/internal/web/handlers/valheim/configs.go:23.2,24.16 2 1
agrelha/internal/web/handlers/valheim/configs.go:24.16,26.3 1 1
agrelha/internal/web/handlers/valheim/configs.go:28.2,29.20 2 1
agrelha/internal/web/handlers/valheim/configs.go:29.20,31.3 1 1
agrelha/internal/web/handlers/valheim/configs.go:33.2,45.49 7 1
agrelha/internal/web/handlers/valheim/configs.go:45.49,47.3 1 1
agrelha/internal/web/handlers/valheim/configs.go:48.2,48.28 1 1
agrelha/internal/web/handlers/valheim/configs.go:52.65,53.35 1 1
agrelha/internal/web/handlers/valheim/configs.go:53.35,55.3 1 1
agrelha/internal/web/handlers/valheim/configs.go:56.2,57.16 2 1
agrelha/internal/web/handlers/valheim/configs.go:57.16,59.3 1 1
agrelha/internal/web/handlers/valheim/configs.go:61.2,68.20 4 1
agrelha/internal/web/handlers/valheim/configs.go:68.20,70.3 1 1
agrelha/internal/web/handlers/valheim/configs.go:71.2,71.45 1 1
agrelha/internal/web/handlers/valheim/configs.go:71.45,73.3 1 1
agrelha/internal/web/handlers/valheim/configs.go:75.2,78.16 3 1
agrelha/internal/web/handlers/valheim/configs.go:78.16,80.3 1 1
agrelha/internal/web/handlers/valheim/configs.go:82.2,82.13 1 1
agrelha/internal/web/handlers/valheim/configs.go:82.13,86.3 1 1
agrelha/internal/web/handlers/valheim/configs.go:87.2,89.4 1 1
agrelha/internal/web/handlers/valheim/configs.go:93.67,94.35 1 1
agrelha/internal/web/handlers/valheim/configs.go:94.35,96.3 1 1
agrelha/internal/web/handlers/valheim/configs.go:97.2,98.16 2 1
agrelha/internal/web/handlers/valheim/configs.go:98.16,100.3 1 1
agrelha/internal/web/handlers/valheim/configs.go:102.2,108.20 4 1
agrelha/internal/web/handlers/valheim/configs.go:108.20,110.3 1 1
agrelha/internal/web/handlers/valheim/configs.go:111.2,111.20 1 1
agrelha/internal/web/handlers/valheim/configs.go:111.20,113.3 1 1
agrelha/internal/web/handlers/valheim/configs.go:114.2,114.45 1 1
agrelha/internal/web/handlers/valheim/configs.go:114.45,116.3 1 1
agrelha/internal/web/handlers/valheim/configs.go:118.2,119.16 2 1
agrelha/internal/web/handlers/valheim/configs.go:119.16,121.3 1 1
agrelha/internal/web/handlers/valheim/configs.go:123.2,123.13 1 1
agrelha/internal/web/handlers/valheim/configs.go:123.13,127.3 1 1
agrelha/internal/web/handlers/valheim/configs.go:128.2,130.4 1 1
agrelha/internal/web/handlers/valheim/dashboard.go:15.56,16.35 1 1
agrelha/internal/web/handlers/valheim/dashboard.go:16.35,17.33 1 1
agrelha/internal/web/handlers/valheim/dashboard.go:17.33,19.4 1 1
agrelha/internal/web/handlers/valheim/dashboard.go:20.3,20.104 1 1
agrelha/internal/web/handlers/valheim/dashboard.go:23.2,24.16 2 1
agrelha/internal/web/handlers/valheim/dashboard.go:24.16,26.3 1 1
agrelha/internal/web/handlers/valheim/dashboard.go:28.2,31.29 3 1
agrelha/internal/web/handlers/valheim/dashboard.go:31.29,33.3 1 1
agrelha/internal/web/handlers/valheim/dashboard.go:35.2,36.33 2 1
agrelha/internal/web/handlers/valheim/dashboard.go:36.33,40.40 3 1
agrelha/internal/web/handlers/valheim/dashboard.go:40.40,42.4 1 1
agrelha/internal/web/handlers/valheim/dashboard.go:42.9,42.54 1 1
agrelha/internal/web/handlers/valheim/dashboard.go:42.54,45.4 2 1
agrelha/internal/web/handlers/valheim/dashboard.go:45.9,45.69 1 1
agrelha/internal/web/handlers/valheim/dashboard.go:45.69,49.4 2 1
agrelha/internal/web/handlers/valheim/dashboard.go:51.3,67.5 1 1
agrelha/internal/web/handlers/valheim/dashboard.go:70.2,79.72 2 1
agrelha/internal/web/handlers/valheim/dashboard.go:83.60,84.35 1 1
agrelha/internal/web/handlers/valheim/dashboard.go:84.35,86.3 1 1
agrelha/internal/web/handlers/valheim/dashboard.go:88.2,89.16 2 1
agrelha/internal/web/handlers/valheim/dashboard.go:89.16,91.3 1 1
agrelha/internal/web/handlers/valheim/dashboard.go:93.2,93.99 1 1
agrelha/internal/web/handlers/valheim/dashboard.go:93.99,95.3 1 1
agrelha/internal/web/handlers/valheim/dashboard.go:97.2,97.94 1 1
agrelha/internal/web/handlers/valheim/dashboard.go:101.59,102.35 1 1
agrelha/internal/web/handlers/valheim/dashboard.go:102.35,104.3 1 1
agrelha/internal/web/handlers/valheim/dashboard.go:106.2,107.16 2 1
agrelha/internal/web/handlers/valheim/dashboard.go:107.16,109.3 1 1
agrelha/internal/web/handlers/valheim/dashboard.go:111.2,111.98 1 1
agrelha/internal/web/handlers/valheim/dashboard.go:111.98,113.3 1 1
agrelha/internal/web/handlers/valheim/dashboard.go:115.2,115.94 1 1
agrelha/internal/web/handlers/valheim/dashboard.go:119.62,120.35 1 1
agrelha/internal/web/handlers/valheim/dashboard.go:120.35,122.3 1 1
agrelha/internal/web/handlers/valheim/dashboard.go:124.2,125.16 2 1
agrelha/internal/web/handlers/valheim/dashboard.go:125.16,127.3 1 1
agrelha/internal/web/handlers/valheim/dashboard.go:129.2,129.101 1 1
agrelha/internal/web/handlers/valheim/dashboard.go:129.101,131.3 1 1
agrelha/internal/web/handlers/valheim/dashboard.go:133.2,133.96 1 1
agrelha/internal/web/handlers/valheim/dashboard.go:137.61,138.35 1 1
agrelha/internal/web/handlers/valheim/dashboard.go:138.35,140.3 1 1
agrelha/internal/web/handlers/valheim/dashboard.go:142.2,143.16 2 1
agrelha/internal/web/handlers/valheim/dashboard.go:143.16,145.3 1 1
agrelha/internal/web/handlers/valheim/dashboard.go:147.2,147.100 1 1
agrelha/internal/web/handlers/valheim/dashboard.go:147.100,149.3 1 1
agrelha/internal/web/handlers/valheim/dashboard.go:151.2,151.125 1 1
agrelha/internal/web/handlers/valheim/detail.go:20.59,21.35 1 1
agrelha/internal/web/handlers/valheim/detail.go:21.35,23.3 1 1
agrelha/internal/web/handlers/valheim/detail.go:25.2,26.16 2 1
agrelha/internal/web/handlers/valheim/detail.go:26.16,28.3 1 1
agrelha/internal/web/handlers/valheim/detail.go:30.2,31.15 2 1
agrelha/internal/web/handlers/valheim/detail.go:31.15,33.3 1 1
agrelha/internal/web/handlers/valheim/detail.go:35.2,36.31 2 1
agrelha/internal/web/handlers/valheim/detail.go:36.31,38.3 1 1
agrelha/internal/web/handlers/valheim/detail.go:40.2,58.31 3 1
agrelha/internal/web/handlers/valheim/detail.go:58.31,59.78 1 1
agrelha/internal/web/handlers/valheim/detail.go:59.78,61.4 1 1
agrelha/internal/web/handlers/valheim/detail.go:65.2,65.40 1 1
agrelha/internal/web/handlers/valheim/detail.go:65.40,66.101 1 1
agrelha/internal/web/handlers/valheim/detail.go:66.101,68.4 1 1
agrelha/internal/web/handlers/valheim/detail.go:71.2,71.33 1 1
agrelha/internal/web/handlers/valheim/detail.go:71.33,73.3 1 1
agrelha/internal/web/handlers/valheim/detail.go:76.2,76.43 1 1
agrelha/internal/web/handlers/valheim/detail.go:76.43,77.96 1 1
agrelha/internal/web/handlers/valheim/detail.go:77.96,79.4 1 1
agrelha/internal/web/handlers/valheim/detail.go:83.2,83.22 1 1
agrelha/internal/web/handlers/valheim/detail.go:83.22,84.63 1 1
agrelha/internal/web/handlers/valheim/detail.go:84.63,90.4 1 1
agrelha/internal/web/handlers/valheim/detail.go:93.2,93.57 1 1
agrelha/internal/web/handlers/valheim/detail.go:97.67,98.35 1 1
agrelha/internal/web/handlers/valheim/detail.go:98.35,100.3 1 1
agrelha/internal/web/handlers/valheim/detail.go:102.2,103.16 2 1
agrelha/internal/web/handlers/valheim/detail.go:103.16,105.3 1 1
agrelha/internal/web/handlers/valheim/detail.go:107.2,115.16 4 1
agrelha/internal/web/handlers/valheim/detail.go:115.16,117.3 1 1
agrelha/internal/web/handlers/valheim/detail.go:118.2,119.15 2 1
agrelha/internal/web/handlers/valheim/detail.go:119.15,121.3 1 1
agrelha/internal/web/handlers/valheim/detail.go:122.2,123.19 2 1
agrelha/internal/web/handlers/valheim/detail.go:123.19,125.3 1 1
agrelha/internal/web/handlers/valheim/detail.go:127.2,127.127 1 1
agrelha/internal/web/handlers/valheim/detail.go:127.127,129.3 1 1
agrelha/internal/web/handlers/valheim/detail.go:131.2,131.70 1 1
agrelha/internal/web/handlers/valheim/detail.go:135.65,136.35 1 1
agrelha/internal/web/handlers/valheim/detail.go:136.35,138.3 1 1
agrelha/internal/web/handlers/valheim/detail.go:140.2,141.16 2 1
agrelha/internal/web/handlers/valheim/detail.go:141.16,143.3 1 1
agrelha/internal/web/handlers/valheim/detail.go:145.2,151.16 4 1
agrelha/internal/web/handlers/valheim/detail.go:151.16,153.3 1 1
agrelha/internal/web/handlers/valheim/detail.go:154.2,154.16 1 1
agrelha/internal/web/handlers/valheim/detail.go:154.16,156.3 1 1
agrelha/internal/web/handlers/valheim/detail.go:157.2,157.16 1 1
agrelha/internal/web/handlers/valheim/detail.go:157.16,159.3 1 1
agrelha/internal/web/handlers/valheim/detail.go:161.2,161.101 1 1
agrelha/internal/web/handlers/valheim/detail.go:161.101,163.3 1 1
agrelha/internal/web/handlers/valheim/detail.go:165.2,176.28 9 1
agrelha/internal/web/handlers/valheim/detail.go:180.66,181.35 1 1
agrelha/internal/web/handlers/valheim/detail.go:181.35,183.3 1 1
agrelha/internal/web/handlers/valheim/detail.go:185.2,186.16 2 1
agrelha/internal/web/handlers/valheim/detail.go:186.16,188.3 1 1
agrelha/internal/web/handlers/valheim/detail.go:190.2,196.16 4 1
agrelha/internal/web/handlers/valheim/detail.go:196.16,198.3 1 1
agrelha/internal/web/handlers/valheim/detail.go:199.2,199.16 1 1
agrelha/internal/web/handlers/valheim/detail.go:199.16,201.3 1 1
agrelha/internal/web/handlers/valheim/detail.go:202.2,202.16 1 1
agrelha/internal/web/handlers/valheim/detail.go:202.16,204.3 1 1
agrelha/internal/web/handlers/valheim/detail.go:206.2,207.16 2 1
agrelha/internal/web/handlers/valheim/detail.go:207.16,209.3 1 1
agrelha/internal/web/handlers/valheim/detail.go:211.2,222.28 9 1
agrelha/internal/web/handlers/valheim/detail.go:226.65,228.16 2 1
agrelha/internal/web/handlers/valheim/detail.go:228.16,230.3 1 1
agrelha/internal/web/handlers/valheim/detail.go:232.2,241.13 4 1
agrelha/internal/web/handlers/valheim/detail.go:241.13,243.3 1 1
agrelha/internal/web/handlers/valheim/detail.go:244.2,244.13 1 1
agrelha/internal/web/handlers/valheim/detail.go:244.13,246.3 1 1
agrelha/internal/web/handlers/valheim/detail.go:247.2,247.13 1 1
agrelha/internal/web/handlers/valheim/detail.go:247.13,249.3 1 1
agrelha/internal/web/handlers/valheim/detail.go:250.2,251.16 2 1
agrelha/internal/web/handlers/valheim/detail.go:251.16,252.68 1 1
agrelha/internal/web/handlers/valheim/detail.go:252.68,254.4 1 1
agrelha/internal/web/handlers/valheim/detail.go:254.9,256.4 1 1
agrelha/internal/web/handlers/valheim/detail.go:259.2,259.21 1 1
agrelha/internal/web/handlers/valheim/detail.go:259.21,261.3 1 1
agrelha/internal/web/handlers/valheim/detail.go:263.2,264.16 2 1
agrelha/internal/web/handlers/valheim/detail.go:264.16,266.3 1 1
agrelha/internal/web/handlers/valheim/detail.go:267.2,267.23 1 1
agrelha/internal/web/handlers/valheim/detail.go:267.23,269.3 1 1
agrelha/internal/web/handlers/valheim/detail.go:271.2,272.35 2 1
agrelha/internal/web/handlers/valheim/detail.go:272.35,273.98 1 1
agrelha/internal/web/handlers/valheim/detail.go:273.98,274.32 1 1
agrelha/internal/web/handlers/valheim/detail.go:274.32,277.65 1 1
agrelha/internal/web/handlers/valheim/detail.go:277.65,279.6 1 1
agrelha/internal/web/handlers/valheim/detail.go:284.2,285.13 2 1
agrelha/internal/web/handlers/valheim/detail.go:285.13,287.3 1 1
agrelha/internal/web/handlers/valheim/detail.go:287.8,289.3 1 1
agrelha/internal/web/handlers/valheim/detail.go:291.2,291.28 1 1
agrelha/internal/web/handlers/valheim/detail.go:291.28,295.22 4 1
agrelha/internal/web/handlers/valheim/detail.go:295.22,297.4 1 1
agrelha/internal/web/handlers/valheim/detail.go:298.3,303.18 5 1
agrelha/internal/web/handlers/valheim/detail.go:303.18,306.4 2 1
agrelha/internal/web/handlers/valheim/detail.go:306.9,308.4 1 1
agrelha/internal/web/handlers/valheim/detail.go:310.3,338.225 1 1
agrelha/internal/web/handlers/valheim/detail.go:341.2,341.27 1 1
agrelha/internal/web/handlers/valheim/detail.go:341.27,350.3 2 1
agrelha/internal/web/handlers/valheim/detail.go:352.2,352.65 1 1
agrelha/internal/web/handlers/valheim/detail.go:356.56,358.16 2 1
agrelha/internal/web/handlers/valheim/detail.go:358.16,360.3 1 1
agrelha/internal/web/handlers/valheim/detail.go:362.2,368.16 4 1
agrelha/internal/web/handlers/valheim/detail.go:368.16,370.3 1 1
agrelha/internal/web/handlers/valheim/detail.go:371.2,371.16 1 1
agrelha/internal/web/handlers/valheim/detail.go:371.16,373.3 1 1
agrelha/internal/web/handlers/valheim/detail.go:374.2,374.16 1 1
agrelha/internal/web/handlers/valheim/detail.go:374.16,376.3 1 1
agrelha/internal/web/handlers/valheim/detail.go:378.2,382.21 4 1
agrelha/internal/web/handlers/valheim/detail.go:382.21,384.24 2 1
agrelha/internal/web/handlers/valheim/detail.go:384.24,386.4 1 1
agrelha/internal/web/handlers/valheim/detail.go:388.2,388.23 1 1
agrelha/internal/web/handlers/valheim/detail.go:388.23,390.3 1 1
agrelha/internal/web/handlers/valheim/detail.go:391.2,391.22 1 1
agrelha/internal/web/handlers/valheim/detail.go:391.22,393.3 1 1
agrelha/internal/web/handlers/valheim/detail.go:395.2,397.21 3 1
agrelha/internal/web/handlers/valheim/detail.go:397.21,398.75 1 1
agrelha/internal/web/handlers/valheim/detail.go:398.75,399.21 1 1
agrelha/internal/web/handlers/valheim/detail.go:399.21,401.5 1 1
agrelha/internal/web/handlers/valheim/detail.go:402.4,402.17 1 1
agrelha/internal/web/handlers/valheim/detail.go:406.2,407.19 2 1
agrelha/internal/web/handlers/valheim/detail.go:407.19,411.31 4 1
agrelha/internal/web/handlers/valheim/detail.go:411.31,413.4 1 1
agrelha/internal/web/handlers/valheim/detail.go:414.3,414.30 1 1
agrelha/internal/web/handlers/valheim/detail.go:414.30,415.78 1 1
agrelha/internal/web/handlers/valheim/detail.go:415.78,417.33 2 1
agrelha/internal/web/handlers/valheim/detail.go:417.33,419.6 1 1
agrelha/internal/web/handlers/valheim/detail.go:422.3,422.15 1 1
agrelha/internal/web/handlers/valheim/detail.go:422.15,424.4 1 1
agrelha/internal/web/handlers/valheim/detail.go:427.2,428.35 2 1
agrelha/internal/web/handlers/valheim/detail.go:428.35,429.86 1 1
agrelha/internal/web/handlers/valheim/detail.go:429.86,430.32 1 1
agrelha/internal/web/handlers/valheim/detail.go:430.32,432.120 2 1
agrelha/internal/web/handlers/valheim/detail.go:432.120,434.11 2 1
agrelha/internal/web/handlers/valheim/detail.go:440.2,443.16 4 1
agrelha/internal/web/handlers/valheim/detail.go:443.16,445.3 1 1
agrelha/internal/web/handlers/valheim/detail.go:446.2,447.17 2 1
agrelha/internal/web/handlers/valheim/detail.go:447.17,449.3 1 1
agrelha/internal/web/handlers/valheim/detail.go:451.2,453.19 3 1
agrelha/internal/web/handlers/valheim/detail.go:453.19,456.28 3 1
agrelha/internal/web/handlers/valheim/detail.go:456.28,458.4 1 1
agrelha/internal/web/handlers/valheim/detail.go:459.3,460.26 2 1
agrelha/internal/web/handlers/valheim/detail.go:463.2,464.17 2 1
agrelha/internal/web/handlers/valheim/detail.go:464.17,466.3 1 1
agrelha/internal/web/handlers/valheim/detail.go:466.8,468.3 1 1
agrelha/internal/web/handlers/valheim/detail.go:470.2,471.22 2 1
agrelha/internal/web/handlers/valheim/detail.go:471.22,473.3 1 1
agrelha/internal/web/handlers/valheim/detail.go:473.8,475.3 1 1
agrelha/internal/web/handlers/valheim/detail.go:477.2,524.86 6 1
agrelha/internal/web/handlers/valheim/detail.go:524.86,526.3 1 1
agrelha/internal/web/handlers/valheim/detail.go:527.2,529.17 1 1
agrelha/internal/web/handlers/valheim/detail.go:529.17,531.3 1 1
agrelha/internal/web/handlers/valheim/detail.go:532.2,533.28 2 1
agrelha/internal/web/handlers/valheim/detail.go:536.46,538.33 2 1
agrelha/internal/web/handlers/valheim/detail.go:538.33,541.3 2 1
agrelha/internal/web/handlers/valheim/detail.go:542.2,542.33 1 1
agrelha/internal/web/handlers/valheim/detail.go:542.33,545.3 2 1
agrelha/internal/web/handlers/valheim/detail.go:546.2,546.25 1 1
agrelha/internal/web/handlers/valheim/detail.go:549.38,550.20 1 1
agrelha/internal/web/handlers/valheim/detail.go:550.20,552.3 1 1
agrelha/internal/web/handlers/valheim/detail.go:553.2,553.16 1 1
agrelha/internal/web/handlers/valheim/detail.go:553.16,555.3 1 1
agrelha/internal/web/handlers/valheim/detail.go:556.2,556.33 1 1
agrelha/internal/web/handlers/valheim/detail.go:559.40,561.24 2 1
agrelha/internal/web/handlers/valheim/detail.go:561.24,563.21 2 1
agrelha/internal/web/handlers/valheim/detail.go:563.21,564.12 1 1
agrelha/internal/web/handlers/valheim/detail.go:566.3,567.59 2 1
agrelha/internal/web/handlers/valheim/detail.go:567.59,568.12 1 1
agrelha/internal/web/handlers/valheim/detail.go:570.3,570.23 1 1
agrelha/internal/web/handlers/valheim/detail.go:572.2,572.12 1 1
agrelha/internal/web/handlers/valheim/detail.go:575.41,576.15 1 1
agrelha/internal/web/handlers/valheim/detail.go:576.15,578.3 1 1
agrelha/internal/web/handlers/valheim/detail.go:579.2,579.74 1 1
agrelha/internal/web/handlers/valheim/detail.go:582.69,587.59 5 1
agrelha/internal/web/handlers/valheim/detail.go:587.59,589.3 1 1
agrelha/internal/web/handlers/valheim/detail.go:590.2,590.28 1 1
agrelha/internal/web/handlers/valheim/detail.go:593.61,594.20 1 1
agrelha/internal/web/handlers/valheim/detail.go:594.20,596.3 1 1
agrelha/internal/web/handlers/valheim/detail.go:597.2,601.31 5 1
agrelha/internal/web/handlers/valheim/detail.go:601.31,604.24 3 1
agrelha/internal/web/handlers/valheim/detail.go:604.24,606.4 1 1
agrelha/internal/web/handlers/valheim/detail.go:607.3,609.362 3 1
agrelha/internal/web/handlers/valheim/detail.go:611.2,612.20 2 1
agrelha/internal/web/handlers/valheim/detail.go:616.61,618.16 2 1
agrelha/internal/web/handlers/valheim/detail.go:618.16,620.3 1 1
agrelha/internal/web/handlers/valheim/detail.go:622.2,622.63 1 1
agrelha/internal/web/handlers/valheim/detail.go:622.63,624.3 1 1
agrelha/internal/web/handlers/valheim/detail.go:626.2,627.31 2 1
agrelha/internal/web/handlers/valheim/detail.go:627.31,629.3 1 1
agrelha/internal/web/handlers/valheim/detail.go:631.2,632.16 2 1
agrelha/internal/web/handlers/valheim/detail.go:632.16,634.3 1 1
agrelha/internal/web/handlers/valheim/detail.go:636.2,638.28 3 1
agrelha/internal/web/handlers/valheim/handler.go:25.93,27.3 1 1
agrelha/internal/web/handlers/valheim/handler.go:28.72,28.92 1 1
agrelha/internal/web/handlers/valheim/handler.go:63.31,64.22 1 1
agrelha/internal/web/handlers/valheim/handler.go:64.22,65.41 1 1
agrelha/internal/web/handlers/valheim/handler.go:65.41,66.58 1 1
agrelha/internal/web/handlers/valheim/handler.go:66.58,68.5 1 1
agrelha/internal/web/handlers/valheim/handler.go:69.4,69.18 1 1
agrelha/internal/web/handlers/valheim/handler.go:72.2,72.38 1 1
agrelha/internal/web/handlers/valheim/handler.go:72.38,73.79 1 1
agrelha/internal/web/handlers/valheim/handler.go:73.80,73.81 0 1
agrelha/internal/web/handlers/valheim/handler.go:75.2,75.27 1 1
agrelha/internal/web/handlers/valheim/handler.go:79.49,82.2 2 1
agrelha/internal/web/handlers/valheim/handler.go:85.55,89.2 3 1
agrelha/internal/web/handlers/valheim/handler.go:92.58,96.57 4 1
agrelha/internal/web/handlers/valheim/handler.go:96.57,98.3 1 1
agrelha/internal/web/handlers/valheim/handler.go:100.2,120.60 15 1
agrelha/internal/web/handlers/valheim/handler.go:120.60,122.3 1 1
agrelha/internal/web/handlers/valheim/handler.go:123.2,136.85 14 1
agrelha/internal/web/handlers/valheim/handler.go:139.58,140.35 1 1
agrelha/internal/web/handlers/valheim/handler.go:140.35,141.104 1 1
agrelha/internal/web/handlers/valheim/handler.go:141.104,143.4 1 1
agrelha/internal/web/handlers/valheim/handler.go:145.2,145.62 1 1
agrelha/internal/web/handlers/valheim/handler.go:148.61,149.35 1 1
agrelha/internal/web/handlers/valheim/handler.go:149.35,150.104 1 1
agrelha/internal/web/handlers/valheim/handler.go:150.104,152.4 1 1
agrelha/internal/web/handlers/valheim/handler.go:154.2,154.62 1 1
agrelha/internal/web/handlers/valheim/handler.go:157.60,158.35 1 1
agrelha/internal/web/handlers/valheim/handler.go:158.35,159.104 1 1
agrelha/internal/web/handlers/valheim/handler.go:159.104,161.4 1 1
agrelha/internal/web/handlers/valheim/handler.go:163.2,163.62 1 1
agrelha/internal/web/handlers/valheim/handler.go:167.100,171.78 3 1
agrelha/internal/web/handlers/valheim/handler.go:171.78,173.3 1 1
agrelha/internal/web/handlers/valheim/handler.go:175.2,175.35 1 1
agrelha/internal/web/handlers/valheim/handler.go:175.35,177.3 1 1
agrelha/internal/web/handlers/valheim/handler.go:179.2,182.12 4 1
agrelha/internal/web/handlers/valheim/updates.go:22.104,23.29 1 1
agrelha/internal/web/handlers/valheim/updates.go:23.29,25.3 1 1
agrelha/internal/web/handlers/valheim/updates.go:26.2,31.22 6 1
agrelha/internal/web/handlers/valheim/updates.go:31.22,33.3 1 1
agrelha/internal/web/handlers/valheim/updates.go:34.2,35.64 2 1
agrelha/internal/web/handlers/valheim/updates.go:35.64,37.3 1 1
agrelha/internal/web/handlers/valheim/updates.go:39.2,39.93 1 1
agrelha/internal/web/handlers/valheim/updates.go:39.93,42.3 2 1
agrelha/internal/web/handlers/valheim/updates.go:44.2,44.72 1 1
agrelha/internal/web/handlers/valheim/updates.go:44.72,45.100 1 1
agrelha/internal/web/handlers/valheim/updates.go:45.100,47.4 1 1
agrelha/internal/web/handlers/valheim/updates.go:53.62,55.16 2 1
agrelha/internal/web/handlers/valheim/updates.go:55.16,57.3 1 1
agrelha/internal/web/handlers/valheim/updates.go:58.2,58.29 1 1
agrelha/internal/web/handlers/valheim/updates.go:58.29,60.3 1 1
agrelha/internal/web/handlers/valheim/updates.go:62.2,63.16 2 1
agrelha/internal/web/handlers/valheim/updates.go:63.16,65.3 1 1
agrelha/internal/web/handlers/valheim/updates.go:67.2,68.26 2 1
agrelha/internal/web/handlers/valheim/updates.go:68.26,70.3 1 1
agrelha/internal/web/handlers/valheim/updates.go:71.2,71.38 1 1
agrelha/internal/web/handlers/valheim/updates.go:71.38,73.3 1 1
agrelha/internal/web/handlers/valheim/updates.go:74.2,74.34 1 1
agrelha/internal/web/handlers/valheim/updates.go:74.34,77.3 2 1
agrelha/internal/web/handlers/valheim/updates.go:78.2,78.47 1 1
agrelha/internal/web/handlers/valheim/updates.go:82.62,84.16 2 1
agrelha/internal/web/handlers/valheim/updates.go:84.16,86.3 1 1
agrelha/internal/web/handlers/valheim/updates.go:87.2,87.29 1 1
agrelha/internal/web/handlers/valheim/updates.go:87.29,89.3 1 1
agrelha/internal/web/handlers/valheim/updates.go:91.2,99.15 5 1
agrelha/internal/web/handlers/valheim/updates.go:99.15,100.59 1 1
agrelha/internal/web/handlers/valheim/updates.go:100.59,101.53 1 1
agrelha/internal/web/handlers/valheim/updates.go:101.53,103.5 1 1
agrelha/internal/web/handlers/valheim/updates.go:105.3,105.21 1 1
agrelha/internal/web/handlers/valheim/updates.go:105.21,107.4 1 1
agrelha/internal/web/handlers/valheim/updates.go:110.2,110.48 1 1
agrelha/internal/web/handlers/valheim/updates.go:110.48,112.3 1 1
agrelha/internal/web/handlers/valheim/updates.go:114.2,115.16 2 1
agrelha/internal/web/handlers/valheim/updates.go:115.16,117.3 1 1
agrelha/internal/web/handlers/valheim/updates.go:118.2,118.23 1 1
agrelha/internal/web/handlers/valheim/updates.go:118.23,120.3 1 1
agrelha/internal/web/handlers/valheim/updates.go:122.2,123.47 2 1
agrelha/internal/web/handlers/valheim/updates.go:127.61,129.16 2 1
agrelha/internal/web/handlers/valheim/updates.go:129.16,131.3 1 1
agrelha/internal/web/handlers/valheim/updates.go:132.2,132.29 1 1
agrelha/internal/web/handlers/valheim/updates.go:132.29,134.3 1 1
agrelha/internal/web/handlers/valheim/updates.go:136.2,137.16 2 1
agrelha/internal/web/handlers/valheim/updates.go:137.16,139.3 1 1
agrelha/internal/web/handlers/valheim/updates.go:140.2,142.8 1 1
agrelha/internal/web/handlers/valheim/updates.go:145.77,146.35 1 1
agrelha/internal/web/handlers/valheim/updates.go:146.35,148.3 1 1
agrelha/internal/web/handlers/valheim/updates.go:149.2,150.16 2 1
agrelha/internal/web/handlers/valheim/updates.go:150.16,152.3 1 1
agrelha/internal/web/handlers/valheim/updates.go:153.2,154.31 2 1
agrelha/internal/web/handlers/valheim/updates.go:154.31,156.3 1 1
agrelha/internal/web/handlers/valheim/updates.go:157.2,157.22 1 1
agrelha/internal/web/handlers/valheim/updates.go:157.22,159.3 1 1
agrelha/internal/web/handlers/valheim/updates.go:160.2,160.18 1 1
agrelha/internal/web/handlers/valheim/updates.go:163.95,174.70 4 1
agrelha/internal/web/handlers/valheim/updates.go:174.70,176.3 1 1
agrelha/internal/web/handlers/valheim/updates.go:178.2,182.78 5 1
agrelha/internal/web/handlers/valheim/updates.go:182.78,184.3 1 1
agrelha/internal/web/handlers/valheim/updates.go:185.2,189.17 1 1
agrelha/internal/web/handlers/valheim/updates.go:189.17,191.3 1 1
agrelha/internal/web/handlers/valheim/updates.go:192.2,193.28 2 1
agrelha/internal/web/handlers/valheim/wizard.go:21.57,22.35 1 1
agrelha/internal/web/handlers/valheim/wizard.go:22.35,24.3 1 1
agrelha/internal/web/handlers/valheim/wizard.go:26.2,27.16 2 1
agrelha/internal/web/handlers/valheim/wizard.go:27.16,29.3 1 1
agrelha/internal/web/handlers/valheim/wizard.go:31.2,41.56 3 1
agrelha/internal/web/handlers/valheim/wizard.go:45.63,56.13 4 1
agrelha/internal/web/handlers/valheim/wizard.go:56.13,58.3 1 1
agrelha/internal/web/handlers/valheim/wizard.go:59.2,59.13 1 1
agrelha/internal/web/handlers/valheim/wizard.go:59.13,61.3 1 1
agrelha/internal/web/handlers/valheim/wizard.go:62.2,62.13 1 1
agrelha/internal/web/handlers/valheim/wizard.go:62.13,64.3 1 1
agrelha/internal/web/handlers/valheim/wizard.go:65.2,65.13 1 1
agrelha/internal/web/handlers/valheim/wizard.go:65.13,67.3 1 1
agrelha/internal/web/handlers/valheim/wizard.go:69.2,70.16 2 1
agrelha/internal/web/handlers/valheim/wizard.go:70.16,71.68 1 1
agrelha/internal/web/handlers/valheim/wizard.go:71.68,73.4 1 1
agrelha/internal/web/handlers/valheim/wizard.go:73.9,75.4 1 1
agrelha/internal/web/handlers/valheim/wizard.go:78.2,78.21 1 1
agrelha/internal/web/handlers/valheim/wizard.go:78.21,79.60 1 1
agrelha/internal/web/handlers/valheim/wizard.go:79.60,81.4 1 1
agrelha/internal/web/handlers/valheim/wizard.go:82.3,82.169 1 1
agrelha/internal/web/handlers/valheim/wizard.go:85.2,86.16 2 1
agrelha/internal/web/handlers/valheim/wizard.go:86.16,87.60 1 1
agrelha/internal/web/handlers/valheim/wizard.go:87.60,89.4 1 1
agrelha/internal/web/handlers/valheim/wizard.go:90.3,90.197 1 1
agrelha/internal/web/handlers/valheim/wizard.go:93.2,93.59 1 1
agrelha/internal/web/handlers/valheim/wizard.go:93.59,103.29 3 1
agrelha/internal/web/handlers/valheim/wizard.go:103.29,112.4 1 1
agrelha/internal/web/handlers/valheim/wizard.go:113.3,113.22 1 1
agrelha/internal/web/handlers/valheim/wizard.go:116.2,116.23 1 1
agrelha/internal/web/handlers/valheim/wizard.go:116.23,118.3 1 1
agrelha/internal/web/handlers/valheim/wizard.go:120.2,121.13 2 1
agrelha/internal/web/handlers/valheim/wizard.go:121.13,123.3 1 1
agrelha/internal/web/handlers/valheim/wizard.go:123.8,125.3 1 1
agrelha/internal/web/handlers/valheim/wizard.go:127.2,127.28 1 1
agrelha/internal/web/handlers/valheim/wizard.go:127.28,131.22 4 1
agrelha/internal/web/handlers/valheim/wizard.go:131.22,133.4 1 1
agrelha/internal/web/handlers/valheim/wizard.go:135.3,176.262 1 1
agrelha/internal/web/handlers/valheim/wizard.go:179.2,179.27 1 1
agrelha/internal/web/handlers/valheim/wizard.go:179.27,188.3 2 1
agrelha/internal/web/handlers/valheim/wizard.go:190.2,190.72 1 1
agrelha/internal/web/handlers/valheim/wizard.go:194.49,196.25 2 1
agrelha/internal/web/handlers/valheim/wizard.go:196.25,198.14 2 1
agrelha/internal/web/handlers/valheim/wizard.go:198.14,200.4 1 1
agrelha/internal/web/handlers/valheim/wizard.go:202.2,202.21 1 1
agrelha/internal/web/handlers/valheim/wizard.go:202.21,204.3 1 1
agrelha/internal/web/handlers/valheim/wizard.go:206.2,208.29 3 1
agrelha/internal/web/handlers/valheim/wizard.go:208.29,219.3 2 1
agrelha/internal/web/handlers/valheim/wizard.go:220.2,221.20 2 1
agrelha/internal/web/handlers/valheim/wizard.go:225.61,229.65 2 1
agrelha/internal/web/handlers/valheim/wizard.go:229.65,230.44 1 1
agrelha/internal/web/handlers/valheim/wizard.go:230.44,232.4 1 1
agrelha/internal/web/handlers/valheim/wizard.go:235.2,237.29 3 1
agrelha/internal/web/handlers/valheim/wizard.go:237.29,239.43 2 1
agrelha/internal/web/handlers/valheim/wizard.go:239.43,242.4 2 1
agrelha/internal/web/handlers/valheim/wizard.go:245.2,254.28 8 1
agrelha/internal/web/handlers/valheim/wizard.go:258.62,265.16 4 1
agrelha/internal/web/handlers/valheim/wizard.go:265.16,267.3 1 1
agrelha/internal/web/handlers/valheim/wizard.go:268.2,268.16 1 1
agrelha/internal/web/handlers/valheim/wizard.go:268.16,270.3 1 1
agrelha/internal/web/handlers/valheim/wizard.go:271.2,271.16 1 1
agrelha/internal/web/handlers/valheim/wizard.go:271.16,273.3 1 1
agrelha/internal/web/handlers/valheim/wizard.go:275.2,279.21 4 1
agrelha/internal/web/handlers/valheim/wizard.go:279.21,281.24 2 1
agrelha/internal/web/handlers/valheim/wizard.go:281.24,283.4 1 1
agrelha/internal/web/handlers/valheim/wizard.go:285.2,285.23 1 1
agrelha/internal/web/handlers/valheim/wizard.go:285.23,287.3 1 1
agrelha/internal/web/handlers/valheim/wizard.go:288.2,288.22 1 1
agrelha/internal/web/handlers/valheim/wizard.go:288.22,290.3 1 1
agrelha/internal/web/handlers/valheim/wizard.go:292.2,294.21 3 1
agrelha/internal/web/handlers/valheim/wizard.go:294.21,295.75 1 1
agrelha/internal/web/handlers/valheim/wizard.go:295.75,296.21 1 1
agrelha/internal/web/handlers/valheim/wizard.go:296.21,298.5 1 1
agrelha/internal/web/handlers/valheim/wizard.go:299.4,299.17 1 1
agrelha/internal/web/handlers/valheim/wizard.go:303.2,304.19 2 1
agrelha/internal/web/handlers/valheim/wizard.go:304.19,308.31 4 1
agrelha/internal/web/handlers/valheim/wizard.go:308.31,310.4 1 1
agrelha/internal/web/handlers/valheim/wizard.go:311.3,311.30 1 1
agrelha/internal/web/handlers/valheim/wizard.go:311.30,312.78 1 1
agrelha/internal/web/handlers/valheim/wizard.go:312.78,314.33 2 1
agrelha/internal/web/handlers/valheim/wizard.go:314.33,316.6 1 1
agrelha/internal/web/handlers/valheim/wizard.go:319.3,319.15 1 1
agrelha/internal/web/handlers/valheim/wizard.go:319.15,321.4 1 1
agrelha/internal/web/handlers/valheim/wizard.go:324.2,327.16 4 1
agrelha/internal/web/handlers/valheim/wizard.go:327.16,329.3 1 1
agrelha/internal/web/handlers/valheim/wizard.go:330.2,331.17 2 1
agrelha/internal/web/handlers/valheim/wizard.go:331.17,333.3 1 1
agrelha/internal/web/handlers/valheim/wizard.go:335.2,337.19 3 1
agrelha/internal/web/handlers/valheim/wizard.go:337.19,340.28 3 1
agrelha/internal/web/handlers/valheim/wizard.go:340.28,342.4 1 1
agrelha/internal/web/handlers/valheim/wizard.go:343.3,344.26 2 1
agrelha/internal/web/handlers/valheim/wizard.go:347.2,348.22 2 1
agrelha/internal/web/handlers/valheim/wizard.go:348.22,350.3 1 1
agrelha/internal/web/handlers/valheim/wizard.go:350.8,352.3 1 1
agrelha/internal/web/handlers/valheim/wizard.go:354.2,415.93 6 1
agrelha/internal/web/handlers/valheim/wizard.go:415.93,417.3 1 1
agrelha/internal/web/handlers/valheim/wizard.go:418.2,420.17 1 1
agrelha/internal/web/handlers/valheim/wizard.go:420.17,422.3 1 1
agrelha/internal/web/handlers/valheim/wizard.go:423.2,424.28 2 1
agrelha/internal/web/handlers/valheim/wizard.go:428.59,430.16 2 1
agrelha/internal/web/handlers/valheim/wizard.go:430.16,434.3 1 1
agrelha/internal/web/handlers/valheim/wizard.go:436.2,437.16 2 1
agrelha/internal/web/handlers/valheim/wizard.go:437.16,441.3 1 1
agrelha/internal/web/handlers/valheim/wizard.go:442.2,445.16 3 1
agrelha/internal/web/handlers/valheim/wizard.go:445.16,449.3 1 1
agrelha/internal/web/handlers/valheim/wizard.go:451.2,452.16 2 1
agrelha/internal/web/handlers/valheim/wizard.go:452.16,456.3 1 1
agrelha/internal/web/handlers/valheim/wizard.go:458.2,472.25 7 1
agrelha/internal/web/handlers/valheim/wizard.go:472.25,474.3 1 1
agrelha/internal/web/handlers/valheim/wizard.go:475.2,477.32 3 1
agrelha/internal/web/handlers/valheim/wizard.go:481.59,482.35 1 1
agrelha/internal/web/handlers/valheim/wizard.go:482.35,484.3 1 1
agrelha/internal/web/handlers/valheim/wizard.go:486.2,499.16 4 1
agrelha/internal/web/handlers/valheim/wizard.go:499.16,501.3 1 1
agrelha/internal/web/handlers/valheim/wizard.go:502.2,502.16 1 1
agrelha/internal/web/handlers/valheim/wizard.go:502.16,504.3 1 1
agrelha/internal/web/handlers/valheim/wizard.go:506.2,507.20 2 1
agrelha/internal/web/handlers/valheim/wizard.go:507.20,509.3 1 1
agrelha/internal/web/handlers/valheim/wizard.go:510.2,510.41 1 1
agrelha/internal/web/handlers/valheim/wizard.go:510.41,512.3 1 1
agrelha/internal/web/handlers/valheim/wizard.go:514.2,515.16 2 1
agrelha/internal/web/handlers/valheim/wizard.go:515.16,517.3 1 1
agrelha/internal/web/handlers/valheim/wizard.go:519.2,520.19 2 1
agrelha/internal/web/handlers/valheim/wizard.go:520.19,522.3 1 1
agrelha/internal/web/handlers/valheim/wizard.go:523.2,526.18 3 1
agrelha/internal/web/handlers/valheim/wizard.go:526.18,528.3 1 1
agrelha/internal/web/handlers/valheim/wizard.go:530.2,531.19 2 1
agrelha/internal/web/handlers/valheim/wizard.go:531.19,533.3 1 1
agrelha/internal/web/handlers/valheim/wizard.go:535.2,536.69 2 1
agrelha/internal/web/handlers/valheim/wizard.go:536.69,538.24 2 1
agrelha/internal/web/handlers/valheim/wizard.go:538.24,540.4 1 1
agrelha/internal/web/handlers/valheim/wizard.go:541.3,541.24 1 1
agrelha/internal/web/handlers/valheim/wizard.go:541.24,543.4 1 1
agrelha/internal/web/handlers/valheim/wizard.go:544.3,544.20 1 1
agrelha/internal/web/handlers/valheim/wizard.go:544.20,545.54 1 1
agrelha/internal/web/handlers/valheim/wizard.go:545.54,547.52 2 1
agrelha/internal/web/handlers/valheim/wizard.go:547.52,549.6 1 1
agrelha/internal/web/handlers/valheim/wizard.go:552.3,554.30 3 1
agrelha/internal/web/handlers/valheim/wizard.go:554.30,556.44 2 1
agrelha/internal/web/handlers/valheim/wizard.go:556.44,559.5 2 1
agrelha/internal/web/handlers/valheim/wizard.go:561.3,561.40 1 1
agrelha/internal/web/handlers/valheim/wizard.go:566.2,567.42 2 1
agrelha/internal/web/handlers/valheim/wizard.go:567.42,569.3 1 1
agrelha/internal/web/handlers/valheim/wizard.go:571.2,582.16 3 1
agrelha/internal/web/handlers/valheim/wizard.go:582.16,584.3 1 1
agrelha/internal/web/handlers/valheim/wizard.go:586.2,591.4 3 1
