mode: atomic
agrelha/internal/web/handlers/minecraft/configs.go:20.65,21.30 1 2
agrelha/internal/web/handlers/minecraft/configs.go:21.30,23.3 1 1
agrelha/internal/web/handlers/minecraft/configs.go:24.2,24.61 1 1
agrelha/internal/web/handlers/minecraft/configs.go:28.53,32.2 3 1
agrelha/internal/web/handlers/minecraft/configs.go:35.51,37.2 1 1
agrelha/internal/web/handlers/minecraft/configs.go:40.52,42.36 2 2
agrelha/internal/web/handlers/minecraft/configs.go:42.36,45.3 2 1
agrelha/internal/web/handlers/minecraft/configs.go:46.2,47.30 2 1
agrelha/internal/web/handlers/minecraft/configs.go:47.30,49.3 1 1
agrelha/internal/web/handlers/minecraft/configs.go:50.2,50.100 1 1
agrelha/internal/web/handlers/minecraft/configs.go:54.52,55.30 1 8
agrelha/internal/web/handlers/minecraft/configs.go:55.30,58.3 2 2
agrelha/internal/web/handlers/minecraft/configs.go:59.2,60.36 2 6
agrelha/internal/web/handlers/minecraft/configs.go:60.36,63.3 2 2
agrelha/internal/web/handlers/minecraft/configs.go:64.2,67.16 3 4
agrelha/internal/web/handlers/minecraft/configs.go:67.16,70.3 2 1
agrelha/internal/web/handlers/minecraft/configs.go:71.2,71.13 1 3
agrelha/internal/web/handlers/minecraft/configs.go:71.13,73.3 1 2
agrelha/internal/web/handlers/minecraft/configs.go:73.8,75.3 1 1
agrelha/internal/web/handlers/minecraft/configs.go:76.2,76.63 1 3
agrelha/internal/web/handlers/minecraft/configs.go:80.54,81.30 1 8
agrelha/internal/web/handlers/minecraft/configs.go:81.30,84.3 2 2
agrelha/internal/web/handlers/minecraft/configs.go:85.2,86.36 2 6
agrelha/internal/web/handlers/minecraft/configs.go:86.36,89.3 2 2
agrelha/internal/web/handlers/minecraft/configs.go:90.2,91.16 2 4
agrelha/internal/web/handlers/minecraft/configs.go:91.16,94.3 2 1
agrelha/internal/web/handlers/minecraft/configs.go:95.2,95.13 1 3
agrelha/internal/web/handlers/minecraft/configs.go:95.13,97.3 1 1
agrelha/internal/web/handlers/minecraft/configs.go:97.8,99.3 1 2
agrelha/internal/web/handlers/minecraft/configs.go:100.2,100.63 1 3
agrelha/internal/web/handlers/minecraft/configs.go:104.59,105.30 1 7
agrelha/internal/web/handlers/minecraft/configs.go:105.30,107.3 1 2
agrelha/internal/web/handlers/minecraft/configs.go:108.2,109.16 2 5
agrelha/internal/web/handlers/minecraft/configs.go:109.16,111.3 1 1
agrelha/internal/web/handlers/minecraft/configs.go:113.2,114.20 2 4
agrelha/internal/web/handlers/minecraft/configs.go:114.20,116.3 1 2
agrelha/internal/web/handlers/minecraft/configs.go:118.2,130.49 7 2
agrelha/internal/web/handlers/minecraft/configs.go:130.49,132.3 1 1
agrelha/internal/web/handlers/minecraft/configs.go:133.2,133.28 1 1
agrelha/internal/web/handlers/minecraft/configs.go:137.60,138.30 1 9
agrelha/internal/web/handlers/minecraft/configs.go:138.30,140.3 1 2
agrelha/internal/web/handlers/minecraft/configs.go:141.2,142.16 2 7
agrelha/internal/web/handlers/minecraft/configs.go:142.16,144.3 1 1
agrelha/internal/web/handlers/minecraft/configs.go:146.2,153.20 4 6
agrelha/internal/web/handlers/minecraft/configs.go:153.20,155.3 1 1
agrelha/internal/web/handlers/minecraft/configs.go:156.2,156.40 1 6
agrelha/internal/web/handlers/minecraft/configs.go:156.40,158.3 1 1
agrelha/internal/web/handlers/minecraft/configs.go:160.2,163.16 3 5
agrelha/internal/web/handlers/minecraft/configs.go:163.16,165.3 1 1
agrelha/internal/web/handlers/minecraft/configs.go:167.2,167.13 1 4
agrelha/internal/web/handlers/minecraft/configs.go:167.13,171.3 1 3
agrelha/internal/web/handlers/minecraft/configs.go:172.2,174.4 1 1
agrelha/internal/web/handlers/minecraft/configs.go:178.62,179.30 1 9
agrelha/internal/web/handlers/minecraft/configs.go:179.30,181.3 1 2
agrelha/internal/web/handlers/minecraft/configs.go:182.2,183.16 2 7
agrelha/internal/web/handlers/minecraft/configs.go:183.16,185.3 1 1
agrelha/internal/web/handlers/minecraft/configs.go:187.2,193.20 4 6
agrelha/internal/web/handlers/minecraft/configs.go:193.20,195.3 1 2
agrelha/internal/web/handlers/minecraft/configs.go:196.2,196.20 1 6
agrelha/internal/web/handlers/minecraft/configs.go:196.20,198.3 1 2
agrelha/internal/web/handlers/minecraft/configs.go:200.2,201.16 2 4
agrelha/internal/web/handlers/minecraft/configs.go:201.16,203.3 1 1
agrelha/internal/web/handlers/minecraft/configs.go:205.2,205.13 1 3
agrelha/internal/web/handlers/minecraft/configs.go:205.13,207.3 1 1
agrelha/internal/web/handlers/minecraft/configs.go:208.2,208.84 1 2
agrelha/internal/web/handlers/minecraft/dashboard.go:16.51,17.30 1 6
agrelha/internal/web/handlers/minecraft/dashboard.go:17.30,19.3 1 1
agrelha/internal/web/handlers/minecraft/dashboard.go:21.2,22.16 2 5
agrelha/internal/web/handlers/minecraft/dashboard.go:22.16,24.3 1 1
agrelha/internal/web/handlers/minecraft/dashboard.go:26.2,29.33 3 4
agrelha/internal/web/handlers/minecraft/dashboard.go:29.33,33.40 3 8
agrelha/internal/web/handlers/minecraft/dashboard.go:33.40,35.4 1 3
agrelha/internal/web/handlers/minecraft/dashboard.go:35.9,35.54 1 5
agrelha/internal/web/handlers/minecraft/dashboard.go:35.54,38.4 2 1
agrelha/internal/web/handlers/minecraft/dashboard.go:38.9,38.69 1 4
agrelha/internal/web/handlers/minecraft/dashboard.go:38.69,42.4 2 1
agrelha/internal/web/handlers/minecraft/dashboard.go:44.3,47.23 4 8
agrelha/internal/web/handlers/minecraft/dashboard.go:47.23,51.4 3 1
agrelha/internal/web/handlers/minecraft/dashboard.go:53.3,54.30 2 8
agrelha/internal/web/handlers/minecraft/dashboard.go:54.30,56.4 1 3
agrelha/internal/web/handlers/minecraft/dashboard.go:58.3,78.5 1 8
agrelha/internal/web/handlers/minecraft/dashboard.go:81.2,90.74 2 4
agrelha/internal/web/handlers/minecraft/dashboard.go:94.56,95.30 1 6
agrelha/internal/web/handlers/minecraft/dashboard.go:95.30,97.3 1 1
agrelha/internal/web/handlers/minecraft/dashboard.go:99.2,100.16 2 5
agrelha/internal/web/handlers/minecraft/dashboard.go:100.16,102.3 1 2
agrelha/internal/web/handlers/minecraft/dashboard.go:104.2,106.21 3 3
agrelha/internal/web/handlers/minecraft/dashboard.go:106.21,108.3 1 3
agrelha/internal/web/handlers/minecraft/dashboard.go:109.2,121.28 5 3
agrelha/internal/web/handlers/minecraft/dashboard.go:121.28,124.3 2 2
agrelha/internal/web/handlers/minecraft/dashboard.go:124.8,127.3 2 1
agrelha/internal/web/handlers/minecraft/dashboard.go:129.2,130.16 2 3
agrelha/internal/web/handlers/minecraft/dashboard.go:130.16,132.3 1 1
agrelha/internal/web/handlers/minecraft/dashboard.go:134.2,134.148 1 2
agrelha/internal/web/handlers/minecraft/dashboard.go:138.55,139.30 1 6
agrelha/internal/web/handlers/minecraft/dashboard.go:139.30,141.3 1 1
agrelha/internal/web/handlers/minecraft/dashboard.go:143.2,144.16 2 5
agrelha/internal/web/handlers/minecraft/dashboard.go:144.16,146.3 1 1
agrelha/internal/web/handlers/minecraft/dashboard.go:148.2,148.94 1 4
agrelha/internal/web/handlers/minecraft/dashboard.go:148.94,150.3 1 1
agrelha/internal/web/handlers/minecraft/dashboard.go:152.2,152.86 1 3
agrelha/internal/web/handlers/minecraft/dashboard.go:156.54,157.30 1 6
agrelha/internal/web/handlers/minecraft/dashboard.go:157.30,159.3 1 1
agrelha/internal/web/handlers/minecraft/dashboard.go:161.2,162.16 2 5
agrelha/internal/web/handlers/minecraft/dashboard.go:162.16,164.3 1 1
agrelha/internal/web/handlers/minecraft/dashboard.go:166.2,166.93 1 4
agrelha/internal/web/handlers/minecraft/dashboard.go:166.93,168.3 1 2
agrelha/internal/web/handlers/minecraft/dashboard.go:170.2,170.116 1 2
agrelha/internal/web/handlers/minecraft/dashboard.go:174.56,175.30 1 6
agrelha/internal/web/handlers/minecraft/dashboard.go:175.30,177.3 1 1
agrelha/internal/web/handlers/minecraft/dashboard.go:179.2,180.16 2 5
agrelha/internal/web/handlers/minecraft/dashboard.go:180.16,182.3 1 1
agrelha/internal/web/handlers/minecraft/dashboard.go:184.2,184.95 1 4
agrelha/internal/web/handlers/minecraft/dashboard.go:184.95,186.3 1 1
agrelha/internal/web/handlers/minecraft/dashboard.go:188.2,188.117 1 3
agrelha/internal/web/handlers/minecraft/dashboard.go:192.57,193.30 1 5
agrelha/internal/web/handlers/minecraft/dashboard.go:193.30,195.3 1 1
agrelha/internal/web/handlers/minecraft/dashboard.go:197.2,198.16 2 4
agrelha/internal/web/handlers/minecraft/dashboard.go:198.16,200.3 1 1
agrelha/internal/web/handlers/minecraft/dashboard.go:202.2,202.96 1 3
agrelha/internal/web/handlers/minecraft/dashboard.go:202.96,204.3 1 2
agrelha/internal/web/handlers/minecraft/dashboard.go:206.2,206.88 1 1
agrelha/internal/web/handlers/minecraft/detail.go:16.54,17.30 1 17
agrelha/internal/web/handlers/minecraft/detail.go:17.30,19.3 1 1
agrelha/internal/web/handlers/minecraft/detail.go:21.2,22.16 2 16
agrelha/internal/web/handlers/minecraft/detail.go:22.16,24.3 1 2
agrelha/internal/web/handlers/minecraft/detail.go:26.2,27.15 2 14
agrelha/internal/web/handlers/minecraft/detail.go:27.15,29.3 1 1
agrelha/internal/web/handlers/minecraft/detail.go:31.2,32.31 2 14
agrelha/internal/web/handlers/minecraft/detail.go:32.31,34.3 1 2
agrelha/internal/web/handlers/minecraft/detail.go:36.2,39.22 4 12
agrelha/internal/web/handlers/minecraft/detail.go:39.22,43.3 3 3
agrelha/internal/web/handlers/minecraft/detail.go:45.2,69.31 4 12
agrelha/internal/web/handlers/minecraft/detail.go:69.31,70.78 1 3
agrelha/internal/web/handlers/minecraft/detail.go:70.78,72.4 1 2
agrelha/internal/web/handlers/minecraft/detail.go:76.2,76.40 1 12
agrelha/internal/web/handlers/minecraft/detail.go:76.40,77.96 1 6
agrelha/internal/web/handlers/minecraft/detail.go:77.96,79.4 1 4
agrelha/internal/web/handlers/minecraft/detail.go:80.3,80.47 1 6
agrelha/internal/web/handlers/minecraft/detail.go:84.2,84.43 1 12
agrelha/internal/web/handlers/minecraft/detail.go:84.43,85.91 1 6
agrelha/internal/web/handlers/minecraft/detail.go:85.91,87.4 1 4
agrelha/internal/web/handlers/minecraft/detail.go:91.2,91.22 1 12
agrelha/internal/web/handlers/minecraft/detail.go:91.22,92.58 1 3
agrelha/internal/web/handlers/minecraft/detail.go:92.58,98.4 1 1
agrelha/internal/web/handlers/minecraft/detail.go:101.2,101.59 1 12
agrelha/internal/web/handlers/minecraft/detail.go:105.62,106.30 1 6
agrelha/internal/web/handlers/minecraft/detail.go:106.30,108.3 1 1
agrelha/internal/web/handlers/minecraft/detail.go:110.2,111.16 2 5
agrelha/internal/web/handlers/minecraft/detail.go:111.16,113.3 1 1
agrelha/internal/web/handlers/minecraft/detail.go:115.2,124.16 4 4
agrelha/internal/web/handlers/minecraft/detail.go:124.16,126.3 1 1
agrelha/internal/web/handlers/minecraft/detail.go:127.2,128.16 2 4
agrelha/internal/web/handlers/minecraft/detail.go:128.16,130.3 1 1
agrelha/internal/web/handlers/minecraft/detail.go:131.2,132.19 2 4
agrelha/internal/web/handlers/minecraft/detail.go:132.19,134.3 1 2
agrelha/internal/web/handlers/minecraft/detail.go:135.2,136.17 2 4
agrelha/internal/web/handlers/minecraft/detail.go:136.17,138.3 1 2
agrelha/internal/web/handlers/minecraft/detail.go:140.2,140.123 1 4
agrelha/internal/web/handlers/minecraft/detail.go:140.123,142.3 1 1
agrelha/internal/web/handlers/minecraft/detail.go:144.2,144.70 1 3
agrelha/internal/web/handlers/minecraft/detail.go:148.60,149.30 1 7
agrelha/internal/web/handlers/minecraft/detail.go:149.30,151.3 1 1
agrelha/internal/web/handlers/minecraft/detail.go:153.2,154.16 2 6
agrelha/internal/web/handlers/minecraft/detail.go:154.16,156.3 1 1
agrelha/internal/web/handlers/minecraft/detail.go:158.2,164.16 4 5
agrelha/internal/web/handlers/minecraft/detail.go:164.16,166.3 1 3
agrelha/internal/web/handlers/minecraft/detail.go:167.2,167.16 1 5
agrelha/internal/web/handlers/minecraft/detail.go:167.16,169.3 1 1
agrelha/internal/web/handlers/minecraft/detail.go:170.2,170.16 1 5
agrelha/internal/web/handlers/minecraft/detail.go:170.16,172.3 1 1
agrelha/internal/web/handlers/minecraft/detail.go:174.2,174.96 1 4
agrelha/internal/web/handlers/minecraft/detail.go:174.96,176.3 1 1
agrelha/internal/web/handlers/minecraft/detail.go:178.2,178.84 1 3
agrelha/internal/web/handlers/minecraft/detail.go:182.61,183.30 1 7
agrelha/internal/web/handlers/minecraft/detail.go:183.30,185.3 1 1
agrelha/internal/web/handlers/minecraft/detail.go:186.2,187.16 2 6
agrelha/internal/web/handlers/minecraft/detail.go:187.16,189.3 1 1
agrelha/internal/web/handlers/minecraft/detail.go:191.2,197.16 4 5
agrelha/internal/web/handlers/minecraft/detail.go:197.16,199.3 1 3
agrelha/internal/web/handlers/minecraft/detail.go:200.2,200.16 1 5
agrelha/internal/web/handlers/minecraft/detail.go:200.16,202.3 1 1
agrelha/internal/web/handlers/minecraft/detail.go:203.2,203.16 1 5
agrelha/internal/web/handlers/minecraft/detail.go:203.16,205.3 1 1
agrelha/internal/web/handlers/minecraft/detail.go:207.2,208.16 2 4
agrelha/internal/web/handlers/minecraft/detail.go:208.16,210.3 1 1
agrelha/internal/web/handlers/minecraft/detail.go:212.2,212.106 1 3
agrelha/internal/web/handlers/minecraft/detail.go:216.56,218.16 2 6
agrelha/internal/web/handlers/minecraft/detail.go:218.16,220.3 1 1
agrelha/internal/web/handlers/minecraft/detail.go:222.2,222.60 1 5
agrelha/internal/web/handlers/minecraft/detail.go:222.60,224.3 1 1
agrelha/internal/web/handlers/minecraft/detail.go:226.2,227.31 2 4
agrelha/internal/web/handlers/minecraft/detail.go:227.31,229.3 1 1
agrelha/internal/web/handlers/minecraft/detail.go:231.2,232.16 2 3
agrelha/internal/web/handlers/minecraft/detail.go:232.16,234.3 1 1
agrelha/internal/web/handlers/minecraft/detail.go:235.2,237.28 3 2
agrelha/internal/web/handlers/minecraft/handler.go:23.93,25.3 1 10
agrelha/internal/web/handlers/minecraft/handler.go:57.31,58.22 1 32
agrelha/internal/web/handlers/minecraft/handler.go:58.22,59.41 1 32
agrelha/internal/web/handlers/minecraft/handler.go:59.41,60.58 1 57
agrelha/internal/web/handlers/minecraft/handler.go:60.58,62.5 1 1
agrelha/internal/web/handlers/minecraft/handler.go:63.4,63.18 1 56
agrelha/internal/web/handlers/minecraft/handler.go:66.2,66.40 1 32
agrelha/internal/web/handlers/minecraft/handler.go:66.40,67.81 1 32
agrelha/internal/web/handlers/minecraft/handler.go:67.82,67.83 0 1
agrelha/internal/web/handlers/minecraft/handler.go:69.2,69.27 1 32
agrelha/internal/web/handlers/minecraft/handler.go:73.49,76.2 2 11
agrelha/internal/web/handlers/minecraft/handler.go:79.55,81.2 1 11
agrelha/internal/web/handlers/minecraft/handler.go:84.58,104.62 13 28
agrelha/internal/web/handlers/minecraft/handler.go:104.62,106.3 1 3
agrelha/internal/web/handlers/minecraft/handler.go:107.2,118.82 12 28
agrelha/internal/web/handlers/minecraft/handler.go:121.58,122.30 1 5
agrelha/internal/web/handlers/minecraft/handler.go:122.30,123.99 1 3
agrelha/internal/web/handlers/minecraft/handler.go:123.99,125.4 1 2
agrelha/internal/web/handlers/minecraft/handler.go:127.2,127.64 1 3
agrelha/internal/web/handlers/minecraft/handler.go:130.61,131.30 1 5
agrelha/internal/web/handlers/minecraft/handler.go:131.30,132.99 1 4
agrelha/internal/web/handlers/minecraft/handler.go:132.99,134.4 1 3
agrelha/internal/web/handlers/minecraft/handler.go:136.2,136.64 1 2
agrelha/internal/web/handlers/minecraft/handler.go:140.100,144.78 3 11
agrelha/internal/web/handlers/minecraft/handler.go:144.78,146.3 1 7
agrelha/internal/web/handlers/minecraft/handler.go:148.2,148.30 1 4
agrelha/internal/web/handlers/minecraft/handler.go:148.30,150.3 1 1
agrelha/internal/web/handlers/minecraft/handler.go:152.2,155.12 4 3
agrelha/internal/web/handlers/minecraft/mods_search.go:32.60,34.16 2 10
agrelha/internal/web/handlers/minecraft/mods_search.go:34.16,36.3 1 1
agrelha/internal/web/handlers/minecraft/mods_search.go:37.2,37.29 1 9
agrelha/internal/web/handlers/minecraft/mods_search.go:37.29,39.3 1 2
agrelha/internal/web/handlers/minecraft/mods_search.go:41.2,48.13 4 7
agrelha/internal/web/handlers/minecraft/mods_search.go:48.13,50.3 1 2
agrelha/internal/web/handlers/minecraft/mods_search.go:52.2,54.30 3 5
agrelha/internal/web/handlers/minecraft/mods_search.go:54.30,55.98 1 4
agrelha/internal/web/handlers/minecraft/mods_search.go:55.98,57.4 1 4
agrelha/internal/web/handlers/minecraft/mods_search.go:58.3,58.88 1 4
agrelha/internal/web/handlers/minecraft/mods_search.go:58.88,59.27 1 4
agrelha/internal/web/handlers/minecraft/mods_search.go:59.27,60.67 1 8
agrelha/internal/web/handlers/minecraft/mods_search.go:60.67,62.6 1 8
agrelha/internal/web/handlers/minecraft/mods_search.go:67.2,68.16 2 5
agrelha/internal/web/handlers/minecraft/mods_search.go:68.16,70.3 1 1
agrelha/internal/web/handlers/minecraft/mods_search.go:71.2,71.20 1 4
agrelha/internal/web/handlers/minecraft/mods_search.go:71.20,73.3 1 1
agrelha/internal/web/handlers/minecraft/mods_search.go:75.2,80.27 3 3
agrelha/internal/web/handlers/minecraft/mods_search.go:80.27,83.3 2 5
agrelha/internal/web/handlers/minecraft/mods_search.go:84.2,84.40 1 3
agrelha/internal/web/handlers/minecraft/mods_search.go:87.62,94.15 4 6
agrelha/internal/web/handlers/minecraft/mods_search.go:94.15,99.3 2 2
agrelha/internal/web/handlers/minecraft/mods_search.go:101.2,117.82 1 6
agrelha/internal/web/handlers/minecraft/mods_search.go:120.43,121.25 1 7
agrelha/internal/web/handlers/minecraft/mods_search.go:121.25,122.41 1 19
agrelha/internal/web/handlers/minecraft/mods_search.go:122.41,124.4 1 5
agrelha/internal/web/handlers/minecraft/mods_search.go:126.2,126.11 1 2
agrelha/internal/web/handlers/minecraft/mods_search.go:129.58,134.69 5 9
agrelha/internal/web/handlers/minecraft/mods_search.go:134.69,136.3 1 1
agrelha/internal/web/handlers/minecraft/mods_search.go:137.2,137.28 1 8
agrelha/internal/web/handlers/minecraft/updates.go:22.104,23.29 1 19
agrelha/internal/web/handlers/minecraft/updates.go:23.29,25.3 1 6
agrelha/internal/web/handlers/minecraft/updates.go:26.2,31.22 6 13
agrelha/internal/web/handlers/minecraft/updates.go:31.22,33.3 1 11
agrelha/internal/web/handlers/minecraft/updates.go:34.2,35.64 2 13
agrelha/internal/web/handlers/minecraft/updates.go:35.64,37.3 1 1
agrelha/internal/web/handlers/minecraft/updates.go:39.2,39.93 1 13
agrelha/internal/web/handlers/minecraft/updates.go:39.93,42.3 2 1
agrelha/internal/web/handlers/minecraft/updates.go:44.2,44.39 1 13
agrelha/internal/web/handlers/minecraft/updates.go:44.39,45.79 1 6
agrelha/internal/web/handlers/minecraft/updates.go:45.79,47.4 1 3
agrelha/internal/web/handlers/minecraft/updates.go:53.57,55.16 2 14
agrelha/internal/web/handlers/minecraft/updates.go:55.16,57.3 1 5
agrelha/internal/web/handlers/minecraft/updates.go:58.2,58.29 1 9
agrelha/internal/web/handlers/minecraft/updates.go:58.29,60.3 1 1
agrelha/internal/web/handlers/minecraft/updates.go:62.2,63.16 2 8
agrelha/internal/web/handlers/minecraft/updates.go:63.16,65.3 1 1
agrelha/internal/web/handlers/minecraft/updates.go:67.2,68.26 2 7
agrelha/internal/web/handlers/minecraft/updates.go:68.26,70.3 1 7
agrelha/internal/web/handlers/minecraft/updates.go:71.2,71.38 1 7
agrelha/internal/web/handlers/minecraft/updates.go:71.38,73.3 1 1
agrelha/internal/web/handlers/minecraft/updates.go:74.2,74.34 1 7
agrelha/internal/web/handlers/minecraft/updates.go:74.34,77.3 2 1
agrelha/internal/web/handlers/minecraft/updates.go:78.2,78.47 1 7
agrelha/internal/web/handlers/minecraft/updates.go:82.57,84.16 2 9
agrelha/internal/web/handlers/minecraft/updates.go:84.16,86.3 1 1
agrelha/internal/web/handlers/minecraft/updates.go:87.2,87.29 1 8
agrelha/internal/web/handlers/minecraft/updates.go:87.29,89.3 1 1
agrelha/internal/web/handlers/minecraft/updates.go:91.2,99.15 5 7
agrelha/internal/web/handlers/minecraft/updates.go:99.15,100.59 1 3
agrelha/internal/web/handlers/minecraft/updates.go:100.59,101.53 1 3
agrelha/internal/web/handlers/minecraft/updates.go:101.53,103.5 1 1
agrelha/internal/web/handlers/minecraft/updates.go:105.3,105.21 1 3
agrelha/internal/web/handlers/minecraft/updates.go:105.21,107.4 1 2
agrelha/internal/web/handlers/minecraft/updates.go:110.2,110.48 1 5
agrelha/internal/web/handlers/minecraft/updates.go:110.48,112.3 1 1
agrelha/internal/web/handlers/minecraft/updates.go:114.2,115.16 2 4
agrelha/internal/web/handlers/minecraft/updates.go:115.16,117.3 1 1
agrelha/internal/web/handlers/minecraft/updates.go:118.2,118.23 1 3
agrelha/internal/web/handlers/minecraft/updates.go:118.23,120.3 1 1
agrelha/internal/web/handlers/minecraft/updates.go:122.2,123.47 2 2
agrelha/internal/web/handlers/minecraft/updates.go:127.56,129.16 2 5
agrelha/internal/web/handlers/minecraft/updates.go:129.16,131.3 1 1
agrelha/internal/web/handlers/minecraft/updates.go:132.2,132.29 1 4
agrelha/internal/web/handlers/minecraft/updates.go:132.29,134.3 1 1
agrelha/internal/web/handlers/minecraft/updates.go:136.2,137.16 2 3
agrelha/internal/web/handlers/minecraft/updates.go:137.16,139.3 1 2
agrelha/internal/web/handlers/minecraft/updates.go:140.2,142.8 1 1
agrelha/internal/web/handlers/minecraft/updates.go:145.77,146.30 1 28
agrelha/internal/web/handlers/minecraft/updates.go:146.30,148.3 1 1
agrelha/internal/web/handlers/minecraft/updates.go:149.2,150.16 2 27
agrelha/internal/web/handlers/minecraft/updates.go:150.16,152.3 1 3
agrelha/internal/web/handlers/minecraft/updates.go:153.2,154.31 2 24
agrelha/internal/web/handlers/minecraft/updates.go:154.31,156.3 1 1
agrelha/internal/web/handlers/minecraft/updates.go:157.2,157.22 1 23
agrelha/internal/web/handlers/minecraft/updates.go:157.22,159.3 1 1
agrelha/internal/web/handlers/minecraft/updates.go:160.2,160.24 1 22
agrelha/internal/web/handlers/minecraft/updates.go:160.24,162.3 1 1
agrelha/internal/web/handlers/minecraft/updates.go:163.2,163.18 1 21
agrelha/internal/web/handlers/minecraft/updates.go:166.95,178.70 4 11
agrelha/internal/web/handlers/minecraft/updates.go:178.70,180.3 1 1
agrelha/internal/web/handlers/minecraft/updates.go:182.2,186.78 5 10
agrelha/internal/web/handlers/minecraft/updates.go:186.78,188.3 1 1
agrelha/internal/web/handlers/minecraft/updates.go:189.2,193.17 1 9
agrelha/internal/web/handlers/minecraft/updates.go:193.17,195.3 1 1
agrelha/internal/web/handlers/minecraft/updates.go:196.2,197.28 2 8
